// Jest Snapshot v1, https://goo.gl/fbAQLP

exports[`should render 1`] = `
initialize {
  "0": Object {
    "attribs": Object {},
    "children": Array [
      Object {
        "attribs": Object {
          "class": "MuiFormControl-root MuiTextField-root",
          "style": "min-width:500px",
        },
        "children": Array [
          Object {
            "attribs": Object {
              "class": "MuiInputBase-root MuiInput-root MuiInput-underline MuiInputBase-formControl MuiInput-formControl",
            },
            "children": Array [
              Object {
                "attribs": Object {
                  "aria-invalid": "false",
                  "class": "MuiInputBase-input MuiInput-input",
                  "type": "text",
                  "value": "",
                },
                "children": Array [],
                "name": "input",
                "namespace": "http://www.w3.org/1999/xhtml",
                "next": null,
                "parent": [Circular],
                "prev": null,
                "type": "tag",
                "x-attribsNamespace": Object {
                  "aria-invalid": undefined,
                  "class": undefined,
                  "type": undefined,
                  "value": undefined,
                },
                "x-attribsPrefix": Object {
                  "aria-invalid": undefined,
                  "class": undefined,
                  "type": undefined,
                  "value": undefined,
                },
              },
            ],
            "name": "div",
            "namespace": "http://www.w3.org/1999/xhtml",
            "next": null,
            "parent": [Circular],
            "prev": null,
            "type": "tag",
            "x-attribsNamespace": Object {
              "class": undefined,
            },
            "x-attribsPrefix": Object {
              "class": undefined,
            },
          },
        ],
        "name": "div",
        "namespace": "http://www.w3.org/1999/xhtml",
        "next": null,
        "parent": [Circular],
        "prev": null,
        "type": "tag",
        "x-attribsNamespace": Object {
          "class": undefined,
          "style": undefined,
        },
        "x-attribsPrefix": Object {
          "class": undefined,
          "style": undefined,
        },
      },
    ],
    "name": "div",
    "namespace": "http://www.w3.org/1999/xhtml",
    "next": null,
    "parent": null,
    "prev": null,
    "root": Object {
      "attribs": Object {},
      "children": Array [
        [Circular],
      ],
      "name": "root",
      "namespace": "http://www.w3.org/1999/xhtml",
      "next": null,
      "parent": null,
      "prev": null,
      "type": "root",
      "x-attribsNamespace": Object {},
      "x-attribsPrefix": Object {},
    },
    "type": "tag",
    "x-attribsNamespace": Object {},
    "x-attribsPrefix": Object {},
  },
  "_root": [Circular],
  "length": 1,
  "options": Object {
    "decodeEntities": true,
    "normalizeWhitespace": false,
    "withDomLvl1": true,
    "xml": false,
  },
}
`;
